Status Code: 200
Total: 802
Data Length: 10
First item keys: dict_keys(['Assettype Quantity', 'Associatedgsp', 'Bulk supply point', 'Connectivity Voltage(kv)', 'Constraint description', 'Constraint occurrence year', 'Constraint season', 'Current status', 'Customers served', 'Dnoa result', 'Dnoa result description', 'Dnoa result history 2023', 'Dnoa result history 2024', 'Dnoa result history 2025', 'Deviation', 'Deviation Percentage', 'ECR < 1MVA Accepted to connect', 'ECR < 1MVA Already connected', 'ECR > 1MVA Accepted to connect', 'ECR > 1MVA Already connected', 'Expectedcompletionyear', 'Expectedstartyear', 'Firm Capacity', 'Flexibility procurement 2024/25', 'Flexibility procurement 2025/26', 'Flexibility procurement 2026/27', 'Flexibility procurement 2027/28', 'Flexibility procurement 2028/29', 'Generation Capacity', 'Generation Headroom Mw', 'Grid supply point', 'Justification', 'Ltdsname', 'Site', 'Spare Summer', 'Spare Winter', 'Substation title', 'Substation Or Circuit', 'Total gen <1 (mw)', 'Total gen >1 (mw)', 'Total Ecr Capacity', 'Traditional solution', 'Transformer 1 Summer', 'Transformer 1 Winter', 'Transformer 2 Summer', 'Transformer 2 Winter', 'Transformer 3 Summer', 'Transformer 3 Winter', 'Transformer 4 Summer', 'Transformer 4 Winter', 'Transformer 5 Summer', 'Transformer 5 Winter', 'Transformer 6 Summer', 'Transformer 6 Winter', 'Transformer 7 Summer', 'Transformer 7 Winter', 'Transformer 8 Summer', 'Transformer 8 Winter', 'Type', 'Assessment Date', 'Asset Export Limit', 'Asset Import Limit', 'Calculated Resistance', 'County', 'Date Commissioned', 'Easting', 'Grid Reference', 'Installed Capacity MVA', 'Last Report', 'Licence Area', 'Local Authority', 'Local Authority Code', 'Max Demand Summer', 'Max Demand Winter', 'Maximum Observed Power Flow', 'Measured Resistance (Ohm)', 'Minimum Observed Power Flow', 'Next Assessment Date', 'Northing', 'Postcode', 'Power Transformer Count', 'Reverse Power', 'Site Classification', 'Site Functional Location', 'Site Name', 'Site Type', 'Site Voltage', 'Spatial Coordinates', 'Street', 'Suburb', 'Technical Limit Export', 'Technical Limit Import Access Period', 'Technical Limit Import Summer', 'Technical Limit Import Winter', 'Town City', 'Transformer Rating Summer', 'Transformer Rating Winter', 'What3Words'])
